W0809 19:06:14.739000 72295 torch/distributed/run.py:766] 
W0809 19:06:14.739000 72295 torch/distributed/run.py:766] *****************************************
W0809 19:06:14.739000 72295 torch/distributed/run.py:766] Setting OMP_NUM_THREADS environment variable for each process to be 1 in default, to avoid your system being overloaded, please further tune the variable for optimal performance in your application as needed. 
W0809 19:06:14.739000 72295 torch/distributed/run.py:766] *****************************************
PE0: CREATE_PASS id=1 ctx=187652285379696
PE1: CREATE_PASS id=1 ctx=187650911592224
PE1: HEAP_A_WRITE_PASS ptr=20623364588032
PE0: HEAP_A_WRITE_PASS ptr=20622290846208
PE1: CREATE_PASS id=2 ctx=281469540898912
PE0: CREATE_PASS id=2 ctx=281470144878368
PE1: HEAP_B_WRITE_PASS ptr=20625512071680
PE0: HEAP_B_WRITE_PASS ptr=20624438329856
PE1: HEAP_A_ISOLATION_PASS
PE0: HEAP_A_ISOLATION_PASS
PE1: HEAP_B_ISOLATION_PASS
PE0: HEAP_B_ISOLATION_PASS
PE1: REPEATED_SWITCH_DATA_PASS
PE0: REPEATED_SWITCH_DATA_PASS
PE1: DESTROY_B_KEEP_A_PASS
PE0: DESTROY_B_KEEP_A_PASS
PE1: MULTI_INSTANCE_HEAP_ISOLATION_PASS
PE0: MULTI_INSTANCE_HEAP_ISOLATION_PASS
MULTI_INSTANCE_HEAP_ISOLATION_OVERALL_PASS
