W0809 19:04:50.716000 71753 torch/distributed/run.py:766] 
W0809 19:04:50.716000 71753 torch/distributed/run.py:766] *****************************************
W0809 19:04:50.716000 71753 torch/distributed/run.py:766] Setting OMP_NUM_THREADS environment variable for each process to be 1 in default, to avoid your system being overloaded, please further tune the variable for optimal performance in your application as needed. 
W0809 19:04:50.716000 71753 torch/distributed/run.py:766] *****************************************
PE0: INIT id=1 ret=0
PE0: INSTANCE_CREATE_PASS id=1 ctx=187651303984992
PE1: INIT id=1 ret=0
PE1: INSTANCE_CREATE_PASS id=1 ctx=187651867795664
PE0: INIT id=2 ret=0
PE0: INSTANCE_CREATE_PASS id=2 ctx=281469809333920
PE1: INIT id=2 ret=0
PE1: INSTANCE_CREATE_PASS id=2 ctx=281469809333888
PE0: CONTEXT_SWITCH_PASS id=1 ctx=187651303984992PE1: CONTEXT_SWITCH_PASS id=1 ctx=187651867795664

PE1: CONTEXT_SWITCH_PASS id=2 ctx=281469809333888
PE0: CONTEXT_SWITCH_PASS id=2 ctx=281469809333920
PE1: CONTEXT_SWITCH_PASS id=1 ctx=187651867795664PE0: CONTEXT_SWITCH_PASS id=1 ctx=187651303984992

PE0: MULTI_INSTANCE_SWITCH_PASS ctx_a=187651303984992 ctx_b=281469809333920
PE1: MULTI_INSTANCE_SWITCH_PASS ctx_a=187651867795664 ctx_b=281469809333888
PE1: FINALIZE_B ret=0
PE0: FINALIZE_B ret=0
PE1: FINALIZE_A ret=0
PE0: FINALIZE_A ret=0
PE0: MULTI_INSTANCE_CREATE_SWITCH_PASS
MULTI_INSTANCE_CREATE_SWITCH_OVERALL_PASS
PE1: MULTI_INSTANCE_CREATE_SWITCH_PASS
